Component: ARM Compiler 6.16 Tool: armlink [5dfeaa00]

==============================================================================

Section Cross References

    i2c.o(.ARM.exidx.text.I2C_Init) refers to i2c.o(.text.I2C_Init) for [Anonymous Symbol]
    i2c.o(.text.I2C_Ping) refers to i2c.o(.text.i2c_enable) for i2c_enable
    i2c.o(.text.I2C_Ping) refers to i2c.o(.text.i2c_tran) for i2c_tran
    i2c.o(.text.I2C_Ping) refers to i2c.o(.text.i2c_m_start) for i2c_m_start
    i2c.o(.text.I2C_Ping) refers to i2c.o(.text.i2c_send) for i2c_send
    i2c.o(.text.I2C_Ping) refers to i2c.o(.text.i2c_wait) for i2c_wait
    i2c.o(.text.I2C_Ping) refers to i2c.o(.text.i2c_m_stop) for i2c_m_stop
    i2c.o(.text.I2C_Ping) refers to i2c.o(.text.i2c_disable) for i2c_disable
    i2c.o(.text.I2C_Ping) refers to i2c.o(.bss.error) for [Anonymous Symbol]
    i2c.o(.ARM.exidx.text.I2C_Ping) refers to i2c.o(.text.I2C_Ping) for [Anonymous Symbol]
    i2c.o(.ARM.exidx.text.i2c_enable) refers to i2c.o(.text.i2c_enable) for [Anonymous Symbol]
    i2c.o(.ARM.exidx.text.i2c_tran) refers to i2c.o(.text.i2c_tran) for [Anonymous Symbol]
    i2c.o(.ARM.exidx.text.i2c_m_start) refers to i2c.o(.text.i2c_m_start) for [Anonymous Symbol]
    i2c.o(.ARM.exidx.text.i2c_send) refers to i2c.o(.text.i2c_send) for [Anonymous Symbol]
    i2c.o(.text.i2c_wait) refers to i2c.o(.text.i2c_clr_IICIF) for i2c_clr_IICIF
    i2c.o(.text.i2c_wait) refers to i2c.o(.bss.error) for [Anonymous Symbol]
    i2c.o(.ARM.exidx.text.i2c_wait) refers to i2c.o(.text.i2c_wait) for [Anonymous Symbol]
    i2c.o(.ARM.exidx.text.i2c_m_stop) refers to i2c.o(.text.i2c_m_stop) for [Anonymous Symbol]
    i2c.o(.ARM.exidx.text.i2c_disable) refers to i2c.o(.text.i2c_disable) for [Anonymous Symbol]
    i2c.o(.text.I2C_Write) refers to i2c.o(.text.i2c_enable) for i2c_enable
    i2c.o(.text.I2C_Write) refers to i2c.o(.text.i2c_tran) for i2c_tran
    i2c.o(.text.I2C_Write) refers to i2c.o(.text.i2c_m_start) for i2c_m_start
    i2c.o(.text.I2C_Write) refers to i2c.o(.text.i2c_send) for i2c_send
    i2c.o(.text.I2C_Write) refers to i2c.o(.text.i2c_wait) for i2c_wait
    i2c.o(.text.I2C_Write) refers to i2c.o(.text.i2c_m_stop) for i2c_m_stop
    i2c.o(.text.I2C_Write) refers to i2c.o(.text.i2c_disable) for i2c_disable
    i2c.o(.text.I2C_Write) refers to i2c.o(.bss.error) for [Anonymous Symbol]
    i2c.o(.ARM.exidx.text.I2C_Write) refers to i2c.o(.text.I2C_Write) for [Anonymous Symbol]
    i2c.o(.text.I2C_Read) refers to i2c.o(.text.i2c_enable) for i2c_enable
    i2c.o(.text.I2C_Read) refers to i2c.o(.text.i2c_tran) for i2c_tran
    i2c.o(.text.I2C_Read) refers to i2c.o(.text.i2c_m_start) for i2c_m_start
    i2c.o(.text.I2C_Read) refers to i2c.o(.text.i2c_send) for i2c_send
    i2c.o(.text.I2C_Read) refers to i2c.o(.text.i2c_wait) for i2c_wait
    i2c.o(.text.I2C_Read) refers to i2c.o(.text.i2c_rec) for i2c_rec
    i2c.o(.text.I2C_Read) refers to i2c.o(.text.i2c_nack) for i2c_nack
    i2c.o(.text.I2C_Read) refers to i2c.o(.text.i2c_recv) for i2c_recv
    i2c.o(.text.I2C_Read) refers to i2c.o(.text.i2c_m_stop) for i2c_m_stop
    i2c.o(.text.I2C_Read) refers to i2c.o(.text.i2c_disable) for i2c_disable
    i2c.o(.text.I2C_Read) refers to i2c.o(.bss.error) for [Anonymous Symbol]
    i2c.o(.text.I2C_Read) refers to i2c.o(.bss.dummy) for dummy
    i2c.o(.ARM.exidx.text.I2C_Read) refers to i2c.o(.text.I2C_Read) for [Anonymous Symbol]
    i2c.o(.ARM.exidx.text.i2c_rec) refers to i2c.o(.text.i2c_rec) for [Anonymous Symbol]
    i2c.o(.ARM.exidx.text.i2c_nack) refers to i2c.o(.text.i2c_nack) for [Anonymous Symbol]
    i2c.o(.ARM.exidx.text.i2c_recv) refers to i2c.o(.text.i2c_recv) for [Anonymous Symbol]
    i2c.o(.text.I2C_WriteReg) refers to i2c.o(.text.i2c_enable) for i2c_enable
    i2c.o(.text.I2C_WriteReg) refers to i2c.o(.text.i2c_tran) for i2c_tran
    i2c.o(.text.I2C_WriteReg) refers to i2c.o(.text.i2c_m_start) for i2c_m_start
    i2c.o(.text.I2C_WriteReg) refers to i2c.o(.text.i2c_send) for i2c_send
    i2c.o(.text.I2C_WriteReg) refers to i2c.o(.text.i2c_wait) for i2c_wait
    i2c.o(.text.I2C_WriteReg) refers to i2c.o(.text.i2c_m_stop) for i2c_m_stop
    i2c.o(.text.I2C_WriteReg) refers to i2c.o(.text.i2c_disable) for i2c_disable
    i2c.o(.text.I2C_WriteReg) refers to i2c.o(.bss.error) for [Anonymous Symbol]
    i2c.o(.ARM.exidx.text.I2C_WriteReg) refers to i2c.o(.text.I2C_WriteReg) for [Anonymous Symbol]
    i2c.o(.text.I2C_ReadReg) refers to i2c.o(.text.i2c_enable) for i2c_enable
    i2c.o(.text.I2C_ReadReg) refers to i2c.o(.text.i2c_clr_IICIF) for i2c_clr_IICIF
    i2c.o(.text.I2C_ReadReg) refers to i2c.o(.text.i2c_tran) for i2c_tran
    i2c.o(.text.I2C_ReadReg) refers to i2c.o(.text.i2c_m_start) for i2c_m_start
    i2c.o(.text.I2C_ReadReg) refers to i2c.o(.text.i2c_send) for i2c_send
    i2c.o(.text.I2C_ReadReg) refers to i2c.o(.text.i2c_wait) for i2c_wait
    i2c.o(.text.I2C_ReadReg) refers to i2c.o(.text.i2c_m_rstart) for i2c_m_rstart
    i2c.o(.text.I2C_ReadReg) refers to i2c.o(.text.i2c_rec) for i2c_rec
    i2c.o(.text.I2C_ReadReg) refers to i2c.o(.text.i2c_nack) for i2c_nack
    i2c.o(.text.I2C_ReadReg) refers to i2c.o(.text.i2c_recv) for i2c_recv
    i2c.o(.text.I2C_ReadReg) refers to i2c.o(.text.i2c_m_stop) for i2c_m_stop
    i2c.o(.text.I2C_ReadReg) refers to i2c.o(.text.i2c_disable) for i2c_disable
    i2c.o(.text.I2C_ReadReg) refers to i2c.o(.bss.error) for [Anonymous Symbol]
    i2c.o(.text.I2C_ReadReg) refers to i2c.o(.bss.dummy) for dummy
    i2c.o(.ARM.exidx.text.I2C_ReadReg) refers to i2c.o(.text.I2C_ReadReg) for [Anonymous Symbol]
    i2c.o(.ARM.exidx.text.i2c_clr_IICIF) refers to i2c.o(.text.i2c_clr_IICIF) for [Anonymous Symbol]
    i2c.o(.ARM.exidx.text.i2c_m_rstart) refers to i2c.o(.text.i2c_m_rstart) for [Anonymous Symbol]
    i2c.o(.text.I2C_ReadRegBlock) refers to i2c.o(.text.i2c_enable) for i2c_enable
    i2c.o(.text.I2C_ReadRegBlock) refers to i2c.o(.text.i2c_clr_IICIF) for i2c_clr_IICIF
    i2c.o(.text.I2C_ReadRegBlock) refers to i2c.o(.text.i2c_tran) for i2c_tran
    i2c.o(.text.I2C_ReadRegBlock) refers to i2c.o(.text.i2c_m_start) for i2c_m_start
    i2c.o(.text.I2C_ReadRegBlock) refers to i2c.o(.text.i2c_send) for i2c_send
    i2c.o(.text.I2C_ReadRegBlock) refers to i2c.o(.text.i2c_wait) for i2c_wait
    i2c.o(.text.I2C_ReadRegBlock) refers to i2c.o(.text.i2c_m_rstart) for i2c_m_rstart
    i2c.o(.text.I2C_ReadRegBlock) refers to i2c.o(.text.i2c_rec) for i2c_rec
    i2c.o(.text.I2C_ReadRegBlock) refers to i2c.o(.text.i2c_ack) for i2c_ack
    i2c.o(.text.I2C_ReadRegBlock) refers to i2c.o(.text.i2c_recv) for i2c_recv
    i2c.o(.text.I2C_ReadRegBlock) refers to i2c.o(.text.i2c_nack) for i2c_nack
    i2c.o(.text.I2C_ReadRegBlock) refers to i2c.o(.text.i2c_m_stop) for i2c_m_stop
    i2c.o(.text.I2C_ReadRegBlock) refers to i2c.o(.text.i2c_disable) for i2c_disable
    i2c.o(.text.I2C_ReadRegBlock) refers to i2c.o(.bss.error) for [Anonymous Symbol]
    i2c.o(.text.I2C_ReadRegBlock) refers to i2c.o(.bss.dummy) for dummy
    i2c.o(.ARM.exidx.text.I2C_ReadRegBlock) refers to i2c.o(.text.I2C_ReadRegBlock) for [Anonymous Symbol]
    i2c.o(.ARM.exidx.text.i2c_ack) refers to i2c.o(.text.i2c_ack) for [Anonymous Symbol]
    main.o(.text.main) refers to klawiatura.o(.text.Klaw_Init) for Klaw_Init
    main.o(.text.main) refers to uart0.o(.text.UART0_Init) for UART0_Init
    main.o(.text.main) refers to pit.o(.text.PIT_Init) for PIT_Init
    main.o(.text.main) refers to uart0.o(.text.Clear) for Clear
    main.o(.text.main) refers to uart0.o(.text.ResetCursor) for ResetCursor
    main.o(.text.main) refers to rt_memcpy.o(.text) for __aeabi_memcpy
    main.o(.text.main) refers to uart0.o(.text.Display) for Display
    main.o(.text.main) refers to main.o(.text.__NVIC_DisableIRQ) for __NVIC_DisableIRQ
    main.o(.text.main) refers to game.o(.text.Game) for Game
    main.o(.text.main) refers to main.o(.bss.S_pressed) for S_pressed
    main.o(.text.main) refers to main.o(.bss.KeyPressed) for KeyPressed
    main.o(.text.main) refers to main.o(.rodata.str1.4) for [Anonymous Symbol]
    main.o(.text.main) refers to main.o(.data.speed) for speed
    main.o(.text.main) refers to main.o(.bss.counted) for counted
    main.o(.ARM.exidx.text.main) refers to main.o(.text.main) for [Anonymous Symbol]
    main.o(.ARM.exidx.text.__NVIC_DisableIRQ) refers to main.o(.text.__NVIC_DisableIRQ) for [Anonymous Symbol]
    klawiatura.o(.text.Klaw_Init) refers to klawiatura.o(.text.__NVIC_ClearPendingIRQ) for __NVIC_ClearPendingIRQ
    klawiatura.o(.text.Klaw_Init) refers to klawiatura.o(.text.__NVIC_EnableIRQ) for __NVIC_EnableIRQ
    klawiatura.o(.ARM.exidx.text.Klaw_Init) refers to klawiatura.o(.text.Klaw_Init) for [Anonymous Symbol]
    klawiatura.o(.ARM.exidx.text.__NVIC_ClearPendingIRQ) refers to klawiatura.o(.text.__NVIC_ClearPendingIRQ) for [Anonymous Symbol]
    klawiatura.o(.ARM.exidx.text.__NVIC_EnableIRQ) refers to klawiatura.o(.text.__NVIC_EnableIRQ) for [Anonymous Symbol]
    uart0.o(.text) refers (Special) to _printf_c.o(.ARM.Collect$$_printf_percent$$00000013) for _printf_c
    uart0.o(.text) refers (Special) to _printf_percent.o(.ARM.Collect$$_printf_percent$$00000000) for _printf_percent
    uart0.o(.text) refers (Special) to _printf_str.o(.text) for _printf_str
    uart0.o(.text.UART0_Init) refers (Special) to _printf_c.o(.ARM.Collect$$_printf_percent$$00000013) for _printf_c
    uart0.o(.text.UART0_Init) refers (Special) to _printf_percent.o(.ARM.Collect$$_printf_percent$$00000000) for _printf_percent
    uart0.o(.text.UART0_Init) refers (Special) to _printf_str.o(.text) for _printf_str
    uart0.o(.text.UART0_Init) refers to uart0.o(.text.__NVIC_EnableIRQ) for __NVIC_EnableIRQ
    uart0.o(.text.UART0_Init) refers to uart0.o(.text.__NVIC_ClearPendingIRQ) for __NVIC_ClearPendingIRQ
    uart0.o(.ARM.exidx.text.UART0_Init) refers (Special) to _printf_c.o(.ARM.Collect$$_printf_percent$$00000013) for _printf_c
    uart0.o(.ARM.exidx.text.UART0_Init) refers (Special) to _printf_percent.o(.ARM.Collect$$_printf_percent$$00000000) for _printf_percent
    uart0.o(.ARM.exidx.text.UART0_Init) refers (Special) to _printf_str.o(.text) for _printf_str
    uart0.o(.ARM.exidx.text.UART0_Init) refers to uart0.o(.text.UART0_Init) for [Anonymous Symbol]
    uart0.o(.text.__NVIC_EnableIRQ) refers (Special) to _printf_c.o(.ARM.Collect$$_printf_percent$$00000013) for _printf_c
    uart0.o(.text.__NVIC_EnableIRQ) refers (Special) to _printf_percent.o(.ARM.Collect$$_printf_percent$$00000000) for _printf_percent
    uart0.o(.text.__NVIC_EnableIRQ) refers (Special) to _printf_str.o(.text) for _printf_str
    uart0.o(.ARM.exidx.text.__NVIC_EnableIRQ) refers (Special) to _printf_c.o(.ARM.Collect$$_printf_percent$$00000013) for _printf_c
    uart0.o(.ARM.exidx.text.__NVIC_EnableIRQ) refers (Special) to _printf_percent.o(.ARM.Collect$$_printf_percent$$00000000) for _printf_percent
    uart0.o(.ARM.exidx.text.__NVIC_EnableIRQ) refers (Special) to _printf_str.o(.text) for _printf_str
    uart0.o(.ARM.exidx.text.__NVIC_EnableIRQ) refers to uart0.o(.text.__NVIC_EnableIRQ) for [Anonymous Symbol]
    uart0.o(.text.__NVIC_ClearPendingIRQ) refers (Special) to _printf_c.o(.ARM.Collect$$_printf_percent$$00000013) for _printf_c
    uart0.o(.text.__NVIC_ClearPendingIRQ) refers (Special) to _printf_percent.o(.ARM.Collect$$_printf_percent$$00000000) for _printf_percent
    uart0.o(.text.__NVIC_ClearPendingIRQ) refers (Special) to _printf_str.o(.text) for _printf_str
    uart0.o(.ARM.exidx.text.__NVIC_ClearPendingIRQ) refers (Special) to _printf_c.o(.ARM.Collect$$_printf_percent$$00000013) for _printf_c
    uart0.o(.ARM.exidx.text.__NVIC_ClearPendingIRQ) refers (Special) to _printf_percent.o(.ARM.Collect$$_printf_percent$$00000000) for _printf_percent
    uart0.o(.ARM.exidx.text.__NVIC_ClearPendingIRQ) refers (Special) to _printf_str.o(.text) for _printf_str
    uart0.o(.ARM.exidx.text.__NVIC_ClearPendingIRQ) refers to uart0.o(.text.__NVIC_ClearPendingIRQ) for [Anonymous Symbol]
    uart0.o(.text.Display) refers (Special) to _printf_c.o(.ARM.Collect$$_printf_percent$$00000013) for _printf_c
    uart0.o(.text.Display) refers (Special) to _printf_percent.o(.ARM.Collect$$_printf_percent$$00000000) for _printf_percent
    uart0.o(.text.Display) refers (Special) to _printf_str.o(.text) for _printf_str
    uart0.o(.ARM.exidx.text.Display) refers (Special) to _printf_c.o(.ARM.Collect$$_printf_percent$$00000013) for _printf_c
    uart0.o(.ARM.exidx.text.Display) refers (Special) to _printf_percent.o(.ARM.Collect$$_printf_percent$$00000000) for _printf_percent
    uart0.o(.ARM.exidx.text.Display) refers (Special) to _printf_str.o(.text) for _printf_str
    uart0.o(.ARM.exidx.text.Display) refers to uart0.o(.text.Display) for [Anonymous Symbol]
    uart0.o(.text.Clear) refers (Special) to _printf_c.o(.ARM.Collect$$_printf_percent$$00000013) for _printf_c
    uart0.o(.text.Clear) refers (Special) to _printf_percent.o(.ARM.Collect$$_printf_percent$$00000000) for _printf_percent
    uart0.o(.text.Clear) refers (Special) to _printf_str.o(.text) for _printf_str
    uart0.o(.text.Clear) refers to noretval__2sprintf.o(.text) for __2sprintf
    uart0.o(.text.Clear) refers to uart0.o(.text.Display) for Display
    uart0.o(.ARM.exidx.text.Clear) refers (Special) to _printf_c.o(.ARM.Collect$$_printf_percent$$00000013) for _printf_c
    uart0.o(.ARM.exidx.text.Clear) refers (Special) to _printf_percent.o(.ARM.Collect$$_printf_percent$$00000000) for _printf_percent
    uart0.o(.ARM.exidx.text.Clear) refers (Special) to _printf_str.o(.text) for _printf_str
    uart0.o(.ARM.exidx.text.Clear) refers to uart0.o(.text.Clear) for [Anonymous Symbol]
    uart0.o(.text.ResetCursor) refers (Special) to _printf_c.o(.ARM.Collect$$_printf_percent$$00000013) for _printf_c
    uart0.o(.text.ResetCursor) refers (Special) to _printf_percent.o(.ARM.Collect$$_printf_percent$$00000000) for _printf_percent
    uart0.o(.text.ResetCursor) refers (Special) to _printf_str.o(.text) for _printf_str
    uart0.o(.text.ResetCursor) refers to noretval__2sprintf.o(.text) for __2sprintf
    uart0.o(.text.ResetCursor) refers to uart0.o(.text.Display) for Display
    uart0.o(.ARM.exidx.text.ResetCursor) refers (Special) to _printf_c.o(.ARM.Collect$$_printf_percent$$00000013) for _printf_c
    uart0.o(.ARM.exidx.text.ResetCursor) refers (Special) to _printf_percent.o(.ARM.Collect$$_printf_percent$$00000000) for _printf_percent
    uart0.o(.ARM.exidx.text.ResetCursor) refers (Special) to _printf_str.o(.text) for _printf_str
    uart0.o(.ARM.exidx.text.ResetCursor) refers to uart0.o(.text.ResetCursor) for [Anonymous Symbol]
    all_irqhandlers.o(.text.PIT_IRQHandler) refers to all_irqhandlers.o(.text.__NVIC_ClearPendingIRQ) for __NVIC_ClearPendingIRQ
    all_irqhandlers.o(.text.PIT_IRQHandler) refers to main.o(.bss.counted) for counted
    all_irqhandlers.o(.text.PIT_IRQHandler) refers to main.o(.bss.counter) for counter
    all_irqhandlers.o(.text.PIT_IRQHandler) refers to main.o(.data.speed) for speed
    all_irqhandlers.o(.ARM.exidx.text.PIT_IRQHandler) refers to all_irqhandlers.o(.text.PIT_IRQHandler) for [Anonymous Symbol]
    all_irqhandlers.o(.ARM.exidx.text.__NVIC_ClearPendingIRQ) refers to all_irqhandlers.o(.text.__NVIC_ClearPendingIRQ) for [Anonymous Symbol]
    all_irqhandlers.o(.text.PORTA_IRQHandler) refers to all_irqhandlers.o(.text.__NVIC_ClearPendingIRQ) for __NVIC_ClearPendingIRQ
    all_irqhandlers.o(.text.PORTA_IRQHandler) refers to main.o(.bss.S_pressed) for S_pressed
    all_irqhandlers.o(.text.PORTA_IRQHandler) refers to main.o(.bss.KeyPressed) for KeyPressed
    all_irqhandlers.o(.ARM.exidx.text.PORTA_IRQHandler) refers to all_irqhandlers.o(.text.PORTA_IRQHandler) for [Anonymous Symbol]
    pit.o(.text.PIT_Init) refers to aeabi_sdivfast.o(.text_divfast) for __aeabi_uidiv
    pit.o(.text.PIT_Init) refers to pit.o(.text.__NVIC_ClearPendingIRQ) for __NVIC_ClearPendingIRQ
    pit.o(.text.PIT_Init) refers to pit.o(.text.__NVIC_EnableIRQ) for __NVIC_EnableIRQ
    pit.o(.text.PIT_Init) refers to system_mkl05z4.o(.data.SystemCoreClock) for SystemCoreClock
    pit.o(.ARM.exidx.text.PIT_Init) refers to pit.o(.text.PIT_Init) for [Anonymous Symbol]
    pit.o(.ARM.exidx.text.__NVIC_ClearPendingIRQ) refers to pit.o(.text.__NVIC_ClearPendingIRQ) for [Anonymous Symbol]
    pit.o(.ARM.exidx.text.__NVIC_EnableIRQ) refers to pit.o(.text.__NVIC_EnableIRQ) for [Anonymous Symbol]
    lcd1602.o(.text.LCD1602_Init) refers to i2c.o(.text.I2C_Init) for I2C_Init
    lcd1602.o(.text.LCD1602_Init) refers to lcd1602.o(.text.LCD1602_CheckAddress) for LCD1602_CheckAddress
    lcd1602.o(.text.LCD1602_Init) refers to lcd1602.o(.text.LCD1602_Write8) for LCD1602_Write8
    lcd1602.o(.ARM.exidx.text.LCD1602_Init) refers to lcd1602.o(.text.LCD1602_Init) for [Anonymous Symbol]
    lcd1602.o(.text.LCD1602_CheckAddress) refers to i2c.o(.text.I2C_Write) for I2C_Write
    lcd1602.o(.text.LCD1602_CheckAddress) refers to lcd1602.o(.bss.pcf_address) for [Anonymous Symbol]
    lcd1602.o(.ARM.exidx.text.LCD1602_CheckAddress) refers to lcd1602.o(.text.LCD1602_CheckAddress) for [Anonymous Symbol]
    lcd1602.o(.text.LCD1602_Write8) refers to lcd1602.o(.text.LCD1602_Write4) for LCD1602_Write4
    lcd1602.o(.ARM.exidx.text.LCD1602_Write8) refers to lcd1602.o(.text.LCD1602_Write8) for [Anonymous Symbol]
    lcd1602.o(.text.LCD1602_Blink_On) refers to lcd1602.o(.text.LCD1602_Write8) for LCD1602_Write8
    lcd1602.o(.ARM.exidx.text.LCD1602_Blink_On) refers to lcd1602.o(.text.LCD1602_Blink_On) for [Anonymous Symbol]
    lcd1602.o(.text.LCD1602_Blink_Off) refers to lcd1602.o(.text.LCD1602_Write8) for LCD1602_Write8
    lcd1602.o(.ARM.exidx.text.LCD1602_Blink_Off) refers to lcd1602.o(.text.LCD1602_Blink_Off) for [Anonymous Symbol]
    lcd1602.o(.text.LCD1602_Blink_Off_Cursor_On) refers to lcd1602.o(.text.LCD1602_Write8) for LCD1602_Write8
    lcd1602.o(.ARM.exidx.text.LCD1602_Blink_Off_Cursor_On) refers to lcd1602.o(.text.LCD1602_Blink_Off_Cursor_On) for [Anonymous Symbol]
    lcd1602.o(.text.LCD1602_SetCursor) refers to lcd1602.o(.text.LCD1602_Write8) for LCD1602_Write8
    lcd1602.o(.ARM.exidx.text.LCD1602_SetCursor) refers to lcd1602.o(.text.LCD1602_SetCursor) for [Anonymous Symbol]
    lcd1602.o(.text.LCD1602_ClearAll) refers to lcd1602.o(.text.LCD1602_Write8) for LCD1602_Write8
    lcd1602.o(.ARM.exidx.text.LCD1602_ClearAll) refers to lcd1602.o(.text.LCD1602_ClearAll) for [Anonymous Symbol]
    lcd1602.o(.text.LCD1602_Print) refers to lcd1602.o(.text.LCD1602_Write8) for LCD1602_Write8
    lcd1602.o(.ARM.exidx.text.LCD1602_Print) refers to lcd1602.o(.text.LCD1602_Print) for [Anonymous Symbol]
    lcd1602.o(.text.LCD1602_PrintNum) refers to lcd1602.o(.text.itoa) for itoa
    lcd1602.o(.text.LCD1602_PrintNum) refers to lcd1602.o(.text.LCD1602_Print) for LCD1602_Print
    lcd1602.o(.ARM.exidx.text.LCD1602_PrintNum) refers to lcd1602.o(.text.LCD1602_PrintNum) for [Anonymous Symbol]
    lcd1602.o(.text.itoa) refers to aeabi_sdivfast.o(.text_divfast) for __aeabi_idiv
    lcd1602.o(.ARM.exidx.text.itoa) refers to lcd1602.o(.text.itoa) for [Anonymous Symbol]
    lcd1602.o(.text.LCD1602_Backlight) refers to lcd1602.o(.text.PCF8574_Write) for PCF8574_Write
    lcd1602.o(.text.LCD1602_Backlight) refers to lcd1602.o(.data.lcd_backlight) for [Anonymous Symbol]
    lcd1602.o(.ARM.exidx.text.LCD1602_Backlight) refers to lcd1602.o(.text.LCD1602_Backlight) for [Anonymous Symbol]
    lcd1602.o(.text.PCF8574_Write) refers to i2c.o(.text.I2C_Write) for I2C_Write
    lcd1602.o(.text.PCF8574_Write) refers to lcd1602.o(.bss.pcf_address) for [Anonymous Symbol]
    lcd1602.o(.text.PCF8574_Write) refers to lcd1602.o(.data.lcd_backlight) for [Anonymous Symbol]
    lcd1602.o(.ARM.exidx.text.PCF8574_Write) refers to lcd1602.o(.text.PCF8574_Write) for [Anonymous Symbol]
    lcd1602.o(.text.LCD1602_Write4) refers to lcd1602.o(.text.PCF8574_Write) for PCF8574_Write
    lcd1602.o(.ARM.exidx.text.LCD1602_Write4) refers to lcd1602.o(.text.LCD1602_Write4) for [Anonymous Symbol]
    lcd1602.o(.text.LCD1602_BF_AC) refers to i2c.o(.text.I2C_Write) for I2C_Write
    lcd1602.o(.text.LCD1602_BF_AC) refers to i2c.o(.text.I2C_Read) for I2C_Read
    lcd1602.o(.text.LCD1602_BF_AC) refers to lcd1602.o(.bss.pcf_address) for [Anonymous Symbol]
    lcd1602.o(.text.LCD1602_BF_AC) refers to lcd1602.o(.data.lcd_backlight) for [Anonymous Symbol]
    lcd1602.o(.ARM.exidx.text.LCD1602_BF_AC) refers to lcd1602.o(.text.LCD1602_BF_AC) for [Anonymous Symbol]
    lcd1602.o(.text.LCD1602_PL_CH) refers to lcd1602.o(.text.LCD1602_Write8) for LCD1602_Write8
    lcd1602.o(.text.LCD1602_PL_CH) refers to lcd1602.o(.text.LCD1602_BF_AC) for LCD1602_BF_AC
    lcd1602.o(.text.LCD1602_PL_CH) refers to lcd1602.o(.data.PL_CH_a_) for PL_CH_a_
    lcd1602.o(.text.LCD1602_PL_CH) refers to lcd1602.o(.data.PL_CH_c_) for PL_CH_c_
    lcd1602.o(.text.LCD1602_PL_CH) refers to lcd1602.o(.data.PL_CH_e_) for PL_CH_e_
    lcd1602.o(.text.LCD1602_PL_CH) refers to lcd1602.o(.data.PL_CH_l_) for PL_CH_l_
    lcd1602.o(.text.LCD1602_PL_CH) refers to lcd1602.o(.data.PL_CH_n_) for PL_CH_n_
    lcd1602.o(.text.LCD1602_PL_CH) refers to lcd1602.o(.data.PL_CH_o_) for PL_CH_o_
    lcd1602.o(.text.LCD1602_PL_CH) refers to lcd1602.o(.data.PL_CH_s_) for PL_CH_s_
    lcd1602.o(.text.LCD1602_PL_CH) refers to lcd1602.o(.data.PL_CH_z_) for PL_CH_z_
    lcd1602.o(.ARM.exidx.text.LCD1602_PL_CH) refers to lcd1602.o(.text.LCD1602_PL_CH) for [Anonymous Symbol]
    lcd1602.o(.text.LCD1602_PrintPL) refers to lcd1602.o(.text.LCD1602_Write8) for LCD1602_Write8
    lcd1602.o(.ARM.exidx.text.LCD1602_PrintPL) refers to lcd1602.o(.text.LCD1602_PrintPL) for [Anonymous Symbol]
    run.o(.text.Run) refers to uart0.o(.text.Clear) for Clear
    run.o(.text.Run) refers to uart0.o(.text.ResetCursor) for ResetCursor
    run.o(.text.Run) refers to rt_memcpy.o(.text) for __aeabi_memcpy
    run.o(.text.Run) refers to uart0.o(.text.Display) for Display
    run.o(.text.Run) refers to run.o(.text.__NVIC_DisableIRQ) for __NVIC_DisableIRQ
    run.o(.text.Run) refers to game.o(.text.Game) for Game
    run.o(.text.Run) refers to main.o(.bss.KeyPressed) for KeyPressed
    run.o(.text.Run) refers to run.o(.rodata.str1.4) for [Anonymous Symbol]
    run.o(.text.Run) refers to main.o(.bss.S_pressed) for S_pressed
    run.o(.text.Run) refers to main.o(.data.speed) for speed
    run.o(.text.Run) refers to main.o(.bss.counted) for counted
    run.o(.ARM.exidx.text.Run) refers to run.o(.text.Run) for [Anonymous Symbol]
    run.o(.ARM.exidx.text.__NVIC_DisableIRQ) refers to run.o(.text.__NVIC_DisableIRQ) for [Anonymous Symbol]
    run.o(.text.DisplayManu) refers to uart0.o(.text.Clear) for Clear
    run.o(.text.DisplayManu) refers to uart0.o(.text.ResetCursor) for ResetCursor
    run.o(.text.DisplayManu) refers to rt_memcpy.o(.text) for __aeabi_memcpy
    run.o(.text.DisplayManu) refers to uart0.o(.text.Display) for Display
    run.o(.text.DisplayManu) refers to run.o(.rodata.str1.4) for [Anonymous Symbol]
    run.o(.ARM.exidx.text.DisplayManu) refers to run.o(.text.DisplayManu) for [Anonymous Symbol]
    run.o(.ARM.exidx.text.DisplayBest) refers to run.o(.text.DisplayBest) for [Anonymous Symbol]
    game.o(.text) refers (Special) to _printf_d.o(.ARM.Collect$$_printf_percent$$00000009) for _printf_d
    game.o(.text) refers (Special) to _printf_dec.o(.text) for _printf_int_dec
    game.o(.text) refers (Special) to _printf_percent.o(.ARM.Collect$$_printf_percent$$00000000) for _printf_percent
    game.o(.text.Game) refers (Special) to _printf_d.o(.ARM.Collect$$_printf_percent$$00000009) for _printf_d
    game.o(.text.Game) refers (Special) to _printf_dec.o(.text) for _printf_int_dec
    game.o(.text.Game) refers (Special) to _printf_percent.o(.ARM.Collect$$_printf_percent$$00000000) for _printf_percent
    game.o(.text.Game) refers to uart0.o(.text.Clear) for Clear
    game.o(.text.Game) refers to uart0.o(.text.ResetCursor) for ResetCursor
    game.o(.text.Game) refers to game.o(.text.DisplayStats) for DisplayStats
    game.o(.text.Game) refers to rt_memcpy.o(.text) for __aeabi_memcpy
    game.o(.text.Game) refers to uart0.o(.text.Display) for Display
    game.o(.text.Game) refers to game.o(.text.__NVIC_EnableIRQ) for __NVIC_EnableIRQ
    game.o(.text.Game) refers to game.o(.text.CheckGameState) for CheckGameState
    game.o(.text.Game) refers to rand.o(.emb_text) for rand
    game.o(.text.Game) refers to game.o(.text.DisplayGame) for DisplayGame
    game.o(.text.Game) refers to game.o(.text.__NVIC_DisableIRQ) for __NVIC_DisableIRQ
    game.o(.text.Game) refers to game.o(.text.SetSpeed) for SetSpeed
    game.o(.text.Game) refers to game.o(.text.CheckPressed) for CheckPressed
    game.o(.text.Game) refers to main.o(.bss.KeyPressed) for KeyPressed
    game.o(.text.Game) refers to main.o(.bss.S_pressed) for S_pressed
    game.o(.text.Game) refers to game.o(.data.state) for [Anonymous Symbol]
    game.o(.text.Game) refers to game.o(.bss.pause) for [Anonymous Symbol]
    game.o(.text.Game) refers to game.o(.bss.lastValue) for [Anonymous Symbol]
    game.o(.text.Game) refers to main.o(.bss.counted) for counted
    game.o(.text.Game) refers to game.o(.rodata.str1.1) for [Anonymous Symbol]
    game.o(.ARM.exidx.text.Game) refers (Special) to _printf_d.o(.ARM.Collect$$_printf_percent$$00000009) for _printf_d
    game.o(.ARM.exidx.text.Game) refers (Special) to _printf_dec.o(.text) for _printf_int_dec
    game.o(.ARM.exidx.text.Game) refers (Special) to _printf_percent.o(.ARM.Collect$$_printf_percent$$00000000) for _printf_percent
    game.o(.ARM.exidx.text.Game) refers to game.o(.text.Game) for [Anonymous Symbol]
    game.o(.text.__NVIC_DisableIRQ) refers (Special) to _printf_d.o(.ARM.Collect$$_printf_percent$$00000009) for _printf_d
    game.o(.text.__NVIC_DisableIRQ) refers (Special) to _printf_dec.o(.text) for _printf_int_dec
    game.o(.text.__NVIC_DisableIRQ) refers (Special) to _printf_percent.o(.ARM.Collect$$_printf_percent$$00000000) for _printf_percent
    game.o(.ARM.exidx.text.__NVIC_DisableIRQ) refers (Special) to _printf_d.o(.ARM.Collect$$_printf_percent$$00000009) for _printf_d
    game.o(.ARM.exidx.text.__NVIC_DisableIRQ) refers (Special) to _printf_dec.o(.text) for _printf_int_dec
    game.o(.ARM.exidx.text.__NVIC_DisableIRQ) refers (Special) to _printf_percent.o(.ARM.Collect$$_printf_percent$$00000000) for _printf_percent
    game.o(.ARM.exidx.text.__NVIC_DisableIRQ) refers to game.o(.text.__NVIC_DisableIRQ) for [Anonymous Symbol]
    game.o(.text.SetSpeed) refers (Special) to _printf_d.o(.ARM.Collect$$_printf_percent$$00000009) for _printf_d
    game.o(.text.SetSpeed) refers (Special) to _printf_dec.o(.text) for _printf_int_dec
    game.o(.text.SetSpeed) refers (Special) to _printf_percent.o(.ARM.Collect$$_printf_percent$$00000000) for _printf_percent
    game.o(.text.SetSpeed) refers to game.o(.bss.lastValue) for [Anonymous Symbol]
    game.o(.text.SetSpeed) refers to main.o(.data.speed) for speed
    game.o(.ARM.exidx.text.SetSpeed) refers (Special) to _printf_d.o(.ARM.Collect$$_printf_percent$$00000009) for _printf_d
    game.o(.ARM.exidx.text.SetSpeed) refers (Special) to _printf_dec.o(.text) for _printf_int_dec
    game.o(.ARM.exidx.text.SetSpeed) refers (Special) to _printf_percent.o(.ARM.Collect$$_printf_percent$$00000000) for _printf_percent
    game.o(.ARM.exidx.text.SetSpeed) refers to game.o(.text.SetSpeed) for [Anonymous Symbol]
    game.o(.text.DisplayGame) refers (Special) to _printf_d.o(.ARM.Collect$$_printf_percent$$00000009) for _printf_d
    game.o(.text.DisplayGame) refers (Special) to _printf_dec.o(.text) for _printf_int_dec
    game.o(.text.DisplayGame) refers (Special) to _printf_percent.o(.ARM.Collect$$_printf_percent$$00000000) for _printf_percent
    game.o(.text.DisplayGame) refers to uart0.o(.text.Clear) for Clear
    game.o(.text.DisplayGame) refers to uart0.o(.text.ResetCursor) for ResetCursor
    game.o(.text.DisplayGame) refers to game.o(.text.DisplayStats) for DisplayStats
    game.o(.text.DisplayGame) refers to strlen.o(.text) for strlen
    game.o(.text.DisplayGame) refers to rt_memcpy.o(.text) for __aeabi_memcpy
    game.o(.text.DisplayGame) refers to uart0.o(.text.Display) for Display
    game.o(.text.DisplayGame) refers to game.o(.bss.pause) for [Anonymous Symbol]
    game.o(.text.DisplayGame) refers to game.o(.rodata.str1.1) for [Anonymous Symbol]
    game.o(.ARM.exidx.text.DisplayGame) refers (Special) to _printf_d.o(.ARM.Collect$$_printf_percent$$00000009) for _printf_d
    game.o(.ARM.exidx.text.DisplayGame) refers (Special) to _printf_dec.o(.text) for _printf_int_dec
    game.o(.ARM.exidx.text.DisplayGame) refers (Special) to _printf_percent.o(.ARM.Collect$$_printf_percent$$00000000) for _printf_percent
    game.o(.ARM.exidx.text.DisplayGame) refers to game.o(.text.DisplayGame) for [Anonymous Symbol]
    game.o(.text.__NVIC_EnableIRQ) refers (Special) to _printf_d.o(.ARM.Collect$$_printf_percent$$00000009) for _printf_d
    game.o(.text.__NVIC_EnableIRQ) refers (Special) to _printf_dec.o(.text) for _printf_int_dec
    game.o(.text.__NVIC_EnableIRQ) refers (Special) to _printf_percent.o(.ARM.Collect$$_printf_percent$$00000000) for _printf_percent
    game.o(.ARM.exidx.text.__NVIC_EnableIRQ) refers (Special) to _printf_d.o(.ARM.Collect$$_printf_percent$$00000009) for _printf_d
    game.o(.ARM.exidx.text.__NVIC_EnableIRQ) refers (Special) to _printf_dec.o(.text) for _printf_int_dec
    game.o(.ARM.exidx.text.__NVIC_EnableIRQ) refers (Special) to _printf_percent.o(.ARM.Collect$$_printf_percent$$00000000) for _printf_percent
    game.o(.ARM.exidx.text.__NVIC_EnableIRQ) refers to game.o(.text.__NVIC_EnableIRQ) for [Anonymous Symbol]
    game.o(.text.CheckGameState) refers (Special) to _printf_d.o(.ARM.Collect$$_printf_percent$$00000009) for _printf_d
    game.o(.text.CheckGameState) refers (Special) to _printf_dec.o(.text) for _printf_int_dec
    game.o(.text.CheckGameState) refers (Special) to _printf_percent.o(.ARM.Collect$$_printf_percent$$00000000) for _printf_percent
    game.o(.ARM.exidx.text.CheckGameState) refers (Special) to _printf_d.o(.ARM.Collect$$_printf_percent$$00000009) for _printf_d
    game.o(.ARM.exidx.text.CheckGameState) refers (Special) to _printf_dec.o(.text) for _printf_int_dec
    game.o(.ARM.exidx.text.CheckGameState) refers (Special) to _printf_percent.o(.ARM.Collect$$_printf_percent$$00000000) for _printf_percent
    game.o(.ARM.exidx.text.CheckGameState) refers to game.o(.text.CheckGameState) for [Anonymous Symbol]
    game.o(.text.CheckPressed) refers (Special) to _printf_d.o(.ARM.Collect$$_printf_percent$$00000009) for _printf_d
    game.o(.text.CheckPressed) refers (Special) to _printf_dec.o(.text) for _printf_int_dec
    game.o(.text.CheckPressed) refers (Special) to _printf_percent.o(.ARM.Collect$$_printf_percent$$00000000) for _printf_percent
    game.o(.text.CheckPressed) refers to main.o(.bss.S_pressed) for S_pressed
    game.o(.ARM.exidx.text.CheckPressed) refers (Special) to _printf_d.o(.ARM.Collect$$_printf_percent$$00000009) for _printf_d
    game.o(.ARM.exidx.text.CheckPressed) refers (Special) to _printf_dec.o(.text) for _printf_int_dec
    game.o(.ARM.exidx.text.CheckPressed) refers (Special) to _printf_percent.o(.ARM.Collect$$_printf_percent$$00000000) for _printf_percent
    game.o(.ARM.exidx.text.CheckPressed) refers to game.o(.text.CheckPressed) for [Anonymous Symbol]
    game.o(.text.DisplayStats) refers (Special) to _printf_d.o(.ARM.Collect$$_printf_percent$$00000009) for _printf_d
    game.o(.text.DisplayStats) refers (Special) to _printf_dec.o(.text) for _printf_int_dec
    game.o(.text.DisplayStats) refers (Special) to _printf_percent.o(.ARM.Collect$$_printf_percent$$00000000) for _printf_percent
    game.o(.text.DisplayStats) refers to noretval__2sprintf.o(.text) for __2sprintf
    game.o(.text.DisplayStats) refers to uart0.o(.text.Display) for Display
    game.o(.text.DisplayStats) refers to uart0.o(.text.ResetCursor) for ResetCursor
    game.o(.ARM.exidx.text.DisplayStats) refers (Special) to _printf_d.o(.ARM.Collect$$_printf_percent$$00000009) for _printf_d
    game.o(.ARM.exidx.text.DisplayStats) refers (Special) to _printf_dec.o(.text) for _printf_int_dec
    game.o(.ARM.exidx.text.DisplayStats) refers (Special) to _printf_percent.o(.ARM.Collect$$_printf_percent$$00000000) for _printf_percent
    game.o(.ARM.exidx.text.DisplayStats) refers to game.o(.text.DisplayStats) for [Anonymous Symbol]
    game.o(.bss.pause) refers (Special) to _printf_d.o(.ARM.Collect$$_printf_percent$$00000009) for _printf_d
    game.o(.bss.pause) refers (Special) to _printf_dec.o(.text) for _printf_int_dec
    game.o(.bss.pause) refers (Special) to _printf_percent.o(.ARM.Collect$$_printf_percent$$00000000) for _printf_percent
    game.o(.data.state) refers (Special) to _printf_d.o(.ARM.Collect$$_printf_percent$$00000009) for _printf_d
    game.o(.data.state) refers (Special) to _printf_dec.o(.text) for _printf_int_dec
    game.o(.data.state) refers (Special) to _printf_percent.o(.ARM.Collect$$_printf_percent$$00000000) for _printf_percent
    game.o(.bss.lastValue) refers (Special) to _printf_d.o(.ARM.Collect$$_printf_percent$$00000009) for _printf_d
    game.o(.bss.lastValue) refers (Special) to _printf_dec.o(.text) for _printf_int_dec
    game.o(.bss.lastValue) refers (Special) to _printf_percent.o(.ARM.Collect$$_printf_percent$$00000000) for _printf_percent
    game.o(.rodata.str1.1) refers (Special) to _printf_d.o(.ARM.Collect$$_printf_percent$$00000009) for _printf_d
    game.o(.rodata.str1.1) refers (Special) to _printf_dec.o(.text) for _printf_int_dec
    game.o(.rodata.str1.1) refers (Special) to _printf_percent.o(.ARM.Collect$$_printf_percent$$00000000) for _printf_percent
    startup_mkl05z4.o(STACK) refers (Special) to heapauxi.o(.text) for __use_two_region_memory
    startup_mkl05z4.o(HEAP) refers (Special) to heapauxi.o(.text) for __use_two_region_memory
    startup_mkl05z4.o(RESET) refers (Special) to heapauxi.o(.text) for __use_two_region_memory
    startup_mkl05z4.o(RESET) refers to startup_mkl05z4.o(STACK) for __initial_sp
    startup_mkl05z4.o(RESET) refers to startup_mkl05z4.o(.text) for Reset_Handler
    startup_mkl05z4.o(RESET) refers to all_irqhandlers.o(.text.PIT_IRQHandler) for PIT_IRQHandler
    startup_mkl05z4.o(RESET) refers to all_irqhandlers.o(.text.PORTA_IRQHandler) for PORTA_IRQHandler
    startup_mkl05z4.o(.ARM.__at_0x400) refers (Special) to heapauxi.o(.text) for __use_two_region_memory
    startup_mkl05z4.o(.text) refers (Special) to heapauxi.o(.text) for __use_two_region_memory
    startup_mkl05z4.o(.text) refers to system_mkl05z4.o(.text.SystemInit) for SystemInit
    startup_mkl05z4.o(.text) refers to __main.o(!!!main) for __main
    startup_mkl05z4.o(.text) refers to startup_mkl05z4.o(HEAP) for Heap_Mem
    startup_mkl05z4.o(.text) refers to startup_mkl05z4.o(STACK) for Stack_Mem
    system_mkl05z4.o(.ARM.exidx.text.SystemInit) refers to system_mkl05z4.o(.text.SystemInit) for [Anonymous Symbol]
    system_mkl05z4.o(.text.SystemCoreClockUpdate) refers to aeabi_sdivfast.o(.text_divfast) for __aeabi_uidiv
    system_mkl05z4.o(.text.SystemCoreClockUpdate) refers to system_mkl05z4.o(.data.SystemCoreClock) for SystemCoreClock
    system_mkl05z4.o(.ARM.exidx.text.SystemCoreClockUpdate) refers to system_mkl05z4.o(.text.SystemCoreClockUpdate) for [Anonymous Symbol]
    __2sprintf.o(.text) refers to _printf_char_common.o(.text) for _printf_char_common
    __2sprintf.o(.text) refers to _sputc.o(.text) for _sputc
    noretval__2sprintf.o(.text) refers to _printf_char_common.o(.text) for _printf_char_common
    noretval__2sprintf.o(.text) refers to _sputc.o(.text) for _sputc
    __printf.o(.text) refers to _printf_percent.o(.ARM.Collect$$_printf_percent$$00000000) for _printf_percent
    _printf_str.o(.text) refers (Special) to _printf_char.o(.text) for _printf_cs_common
    _printf_dec.o(.text) refers to rtudiv10.o(.text) for __rt_udiv10
    _printf_dec.o(.text) refers to _printf_intcommon.o(.text) for _printf_int_common
    __printf_flags.o(.text) refers to _printf_percent.o(.ARM.Collect$$_printf_percent$$00000000) for _printf_percent
    __printf_flags.o(.text) refers to __printf_flags.o(.constdata) for .constdata
    __printf_ss.o(.text) refers to _printf_percent.o(.ARM.Collect$$_printf_percent$$00000000) for _printf_percent
    __printf_flags_ss.o(.text) refers to _printf_percent.o(.ARM.Collect$$_printf_percent$$00000000) for _printf_percent
    __printf_flags_ss.o(.text) refers to __printf_flags_ss.o(.constdata) for .constdata
    __printf_wp.o(.text) refers to __printf_wp.o(i._is_digit) for _is_digit
    __printf_wp.o(.text) refers to _printf_percent.o(.ARM.Collect$$_printf_percent$$00000000) for _printf_percent
    __printf_flags_wp.o(.text) refers to __printf_wp.o(i._is_digit) for _is_digit
    __printf_flags_wp.o(.text) refers to _printf_percent.o(.ARM.Collect$$_printf_percent$$00000000) for _printf_percent
    __printf_flags_wp.o(.text) refers to __printf_flags_wp.o(.constdata) for .constdata
    __printf_ss_wp.o(.text) refers to __printf_wp.o(i._is_digit) for _is_digit
    __printf_ss_wp.o(.text) refers to _printf_percent.o(.ARM.Collect$$_printf_percent$$00000000) for _printf_percent
    __printf_flags_ss_wp.o(.text) refers to __printf_wp.o(i._is_digit) for _is_digit
    __printf_flags_ss_wp.o(.text) refers to _printf_percent.o(.ARM.Collect$$_printf_percent$$00000000) for _printf_percent
    __printf_flags_ss_wp.o(.text) refers to __printf_flags_ss_wp.o(.constdata) for .constdata
    _printf_c.o(.ARM.Collect$$_printf_percent$$00000013) refers (Weak) to _printf_char.o(.text) for _printf_char
    _printf_d.o(.ARM.Collect$$_printf_percent$$00000009) refers (Weak) to _printf_dec.o(.text) for _printf_int_dec
    _printf_percent.o(.ARM.Collect$$_printf_percent$$00000000) refers (Special) to _printf_percent_end.o(.ARM.Collect$$_printf_percent$$00000017) for _printf_percent_end
    rand.o(.emb_text) refers (Special) to libinit2.o(.ARM.Collect$$libinit$$0000000D) for __rt_lib_init_rand_2
    rand.o(.emb_text) refers to rand.o(.text) for _rand_init
    rand.o(.emb_text) refers to rand.o(.bss) for _random_number_data
    rand.o(.text) refers (Special) to libinit2.o(.ARM.Collect$$libinit$$0000000D) for __rt_lib_init_rand_2
    rand.o(.text) refers to rand.o(.bss) for .bss
    rand.o(.bss) refers (Special) to libinit2.o(.ARM.Collect$$libinit$$0000000D) for __rt_lib_init_rand_2
    rt_memcpy.o(.text) refers to rt_memcpy.o(.emb_text) for __aeabi_memcpy4
    __main.o(!!!main) refers to __rtentry.o(.ARM.Collect$$rtentry$$00000000) for __rt_entry
    __rtentry.o(.ARM.Collect$$rtentry$$00000000) refers (Special) to __rtentry2.o(.ARM.Collect$$rtentry$$0000000A) for __rt_entry_li
    __rtentry.o(.ARM.Collect$$rtentry$$00000000) refers (Special) to __rtentry2.o(.ARM.Collect$$rtentry$$0000000D) for __rt_entry_main
    __rtentry.o(.ARM.Collect$$rtentry$$00000000) refers (Special) to __rtentry2.o(.ARM.Collect$$rtentry$$0000000C) for __rt_entry_postli_1
    __rtentry.o(.ARM.Collect$$rtentry$$00000000) refers (Special) to __rtentry2.o(.ARM.Collect$$rtentry$$00000009) for __rt_entry_postsh_1
    __rtentry.o(.ARM.Collect$$rtentry$$00000000) refers (Special) to __rtentry2.o(.ARM.Collect$$rtentry$$00000002) for __rt_entry_presh_1
    __rtentry.o(.ARM.Collect$$rtentry$$00000000) refers (Special) to __rtentry4.o(.ARM.Collect$$rtentry$$00000004) for __rt_entry_sh
    aeabi_idiv0_sigfpe.o(.text) refers to rt_div0.o(.text) for __rt_div0
    _printf_char_common.o(.text) refers to __printf.o(.text) for __printf
    _printf_char.o(.text) refers (Weak) to _printf_str.o(.text) for _printf_str
    libinit2.o(.ARM.Collect$$libinit$$0000000D) refers (Weak) to rand.o(.text) for _rand_init
    libinit2.o(.ARM.Collect$$libinit$$00000010) refers to libinit2.o(.ARM.Collect$$libinit$$0000000F) for .ARM.Collect$$libinit$$0000000F
    libinit2.o(.ARM.Collect$$libinit$$00000012) refers to libinit2.o(.ARM.Collect$$libinit$$0000000F) for .ARM.Collect$$libinit$$0000000F
    libinit2.o(.ARM.Collect$$libinit$$00000014) refers to libinit2.o(.ARM.Collect$$libinit$$0000000F) for .ARM.Collect$$libinit$$0000000F
    libinit2.o(.ARM.Collect$$libinit$$00000016) refers to libinit2.o(.ARM.Collect$$libinit$$0000000F) for .ARM.Collect$$libinit$$0000000F
    libinit2.o(.ARM.Collect$$libinit$$00000018) refers to libinit2.o(.ARM.Collect$$libinit$$0000000F) for .ARM.Collect$$libinit$$0000000F
    libinit2.o(.ARM.Collect$$libinit$$00000026) refers to argv_veneer.o(.text) for __ARM_argv_veneer
    libinit2.o(.ARM.Collect$$libinit$$00000027) refers to argv_veneer.o(.text) for __ARM_argv_veneer
    __rtentry2.o(.ARM.Collect$$rtentry$$00000008) refers to boardinit2.o(.text) for _platform_post_stackheap_init
    __rtentry2.o(.ARM.Collect$$rtentry$$0000000A) refers to libinit.o(.ARM.Collect$$libinit$$00000000) for __rt_lib_init
    __rtentry2.o(.ARM.Collect$$rtentry$$0000000B) refers to boardinit3.o(.text) for _platform_post_lib_init
    __rtentry2.o(.ARM.Collect$$rtentry$$0000000D) refers to main.o(.text.main) for main
    __rtentry2.o(.ARM.Collect$$rtentry$$0000000D) refers to exit.o(.text) for exit
    __rtentry2.o(.ARM.exidx) refers to __rtentry2.o(.ARM.Collect$$rtentry$$00000001) for .ARM.Collect$$rtentry$$00000001
    __rtentry2.o(.ARM.exidx) refers to __rtentry2.o(.ARM.Collect$$rtentry$$00000008) for .ARM.Collect$$rtentry$$00000008
    __rtentry2.o(.ARM.exidx) refers to __rtentry2.o(.ARM.Collect$$rtentry$$0000000A) for .ARM.Collect$$rtentry$$0000000A
    __rtentry2.o(.ARM.exidx) refers to __rtentry2.o(.ARM.Collect$$rtentry$$0000000B) for .ARM.Collect$$rtentry$$0000000B
    __rtentry2.o(.ARM.exidx) refers to __rtentry2.o(.ARM.Collect$$rtentry$$0000000D) for .ARM.Collect$$rtentry$$0000000D
    __rtentry4.o(.ARM.Collect$$rtentry$$00000004) refers to sys_stackheap_outer.o(.text) for __user_setup_stackheap
    __rtentry4.o(.ARM.exidx) refers to __rtentry4.o(.ARM.Collect$$rtentry$$00000004) for .ARM.Collect$$rtentry$$00000004
    rt_div0.o(.text) refers to defsig_fpe_outer.o(.text) for __rt_SIGFPE
    sys_stackheap_outer.o(.text) refers to libspace.o(.text) for __user_perproc_libspace
    sys_stackheap_outer.o(.text) refers to startup_mkl05z4.o(.text) for __user_initial_stackheap
    sys_stackheap_outer.o(__vectab_stack_and_reset_area) refers to tempstk.o(.text) for __temporary_stack_top
    sys_stackheap_outer.o(__vectab_stack_and_reset_area) refers to __main.o(!!!main) for __main
    exit.o(.text) refers to rtexit.o(.ARM.Collect$$rtexit$$00000000) for __rt_exit
    defsig_fpe_outer.o(.text) refers to defsig_fpe_inner.o(.text) for __rt_SIGFPE_inner
    defsig_fpe_outer.o(.text) refers to defsig_exit.o(.text) for __sig_exit
    defsig_fpe_formal.o(.text) refers to rt_raise.o(.text) for __rt_raise
    _get_argv_nomalloc.o(.text) refers (Special) to hrguard.o(.text) for __heap_region$guard
    _get_argv_nomalloc.o(.text) refers to defsig_rtmem_outer.o(.text) for __rt_SIGRTMEM
    _get_argv_nomalloc.o(.text) refers to sys_command.o(.text) for _sys_command_string
    libinit.o(.ARM.Collect$$libinit$$00000000) refers (Special) to libinit2.o(.ARM.Collect$$libinit$$0000002E) for __rt_lib_init_alloca_1
    libinit.o(.ARM.Collect$$libinit$$00000000) refers (Special) to libinit2.o(.ARM.Collect$$libinit$$0000002C) for __rt_lib_init_argv_1
    libinit.o(.ARM.Collect$$libinit$$00000000) refers (Special) to libinit2.o(.ARM.Collect$$libinit$$0000001B) for __rt_lib_init_atexit_1
    libinit.o(.ARM.Collect$$libinit$$00000000) refers (Special) to libinit2.o(.ARM.Collect$$libinit$$00000021) for __rt_lib_init_clock_1
    libinit.o(.ARM.Collect$$libinit$$00000000) refers (Special) to libinit2.o(.ARM.Collect$$libinit$$00000032) for __rt_lib_init_cpp_1
    libinit.o(.ARM.Collect$$libinit$$00000000) refers (Special) to libinit2.o(.ARM.Collect$$libinit$$00000030) for __rt_lib_init_exceptions_1
    libinit.o(.ARM.Collect$$libinit$$00000000) refers (Special) to libinit2.o(.ARM.Collect$$libinit$$00000002) for __rt_lib_init_fp_1
    libinit.o(.ARM.Collect$$libinit$$00000000) refers (Special) to libinit2.o(.ARM.Collect$$libinit$$0000001F) for __rt_lib_init_fp_trap_1
    libinit.o(.ARM.Collect$$libinit$$00000000) refers (Special) to libinit2.o(.ARM.Collect$$libinit$$00000023) for __rt_lib_init_getenv_1
    libinit.o(.ARM.Collect$$libinit$$00000000) refers (Special) to libinit2.o(.ARM.Collect$$libinit$$0000000A) for __rt_lib_init_heap_1
    libinit.o(.ARM.Collect$$libinit$$00000000) refers (Special) to libinit2.o(.ARM.Collect$$libinit$$00000011) for __rt_lib_init_lc_collate_1
    libinit.o(.ARM.Collect$$libinit$$00000000) refers (Special) to libinit2.o(.ARM.Collect$$libinit$$00000013) for __rt_lib_init_lc_ctype_1
    libinit.o(.ARM.Collect$$libinit$$00000000) refers (Special) to libinit2.o(.ARM.Collect$$libinit$$00000015) for __rt_lib_init_lc_monetary_1
    libinit.o(.ARM.Collect$$libinit$$00000000) refers (Special) to libinit2.o(.ARM.Collect$$libinit$$00000017) for __rt_lib_init_lc_numeric_1
    libinit.o(.ARM.Collect$$libinit$$00000000) refers (Special) to libinit2.o(.ARM.Collect$$libinit$$00000019) for __rt_lib_init_lc_time_1
    libinit.o(.ARM.Collect$$libinit$$00000000) refers (Special) to libinit2.o(.ARM.Collect$$libinit$$00000004) for __rt_lib_init_preinit_1
    libinit.o(.ARM.Collect$$libinit$$00000000) refers (Special) to libinit2.o(.ARM.Collect$$libinit$$0000000E) for __rt_lib_init_rand_1
    libinit.o(.ARM.Collect$$libinit$$00000000) refers (Special) to libinit2.o(.ARM.Collect$$libinit$$00000033) for __rt_lib_init_return
    libinit.o(.ARM.Collect$$libinit$$00000000) refers (Special) to libinit2.o(.ARM.Collect$$libinit$$0000001D) for __rt_lib_init_signal_1
    libinit.o(.ARM.Collect$$libinit$$00000000) refers (Special) to libinit2.o(.ARM.Collect$$libinit$$00000025) for __rt_lib_init_stdio_1
    libinit.o(.ARM.Collect$$libinit$$00000000) refers (Special) to libinit2.o(.ARM.Collect$$libinit$$0000000C) for __rt_lib_init_user_alloc_1
    sys_command.o(.text) refers (Special) to use_no_semi.o(.text) for __I$use$semihosting
    sys_command.o(.text) refers (Special) to indicate_semi.o(.text) for __semihosting_library_function
    sys_command_hlt.o(.text) refers (Special) to use_no_semi.o(.text) for __I$use$semihosting
    sys_command_hlt.o(.text) refers (Special) to indicate_semi.o(.text) for __semihosting_library_function
    libspace.o(.text) refers to libspace.o(.bss) for __libspace_start
    rtexit.o(.ARM.Collect$$rtexit$$00000000) refers (Special) to rtexit2.o(.ARM.Collect$$rtexit$$00000004) for __rt_exit_exit
    rtexit.o(.ARM.Collect$$rtexit$$00000000) refers (Special) to rtexit2.o(.ARM.Collect$$rtexit$$00000003) for __rt_exit_ls
    rtexit.o(.ARM.Collect$$rtexit$$00000000) refers (Special) to rtexit2.o(.ARM.Collect$$rtexit$$00000002) for __rt_exit_prels_1
    rtexit.o(.ARM.exidx) refers (Special) to rtexit2.o(.ARM.Collect$$rtexit$$00000004) for __rt_exit_exit
    rtexit.o(.ARM.exidx) refers (Special) to rtexit2.o(.ARM.Collect$$rtexit$$00000003) for __rt_exit_ls
    rtexit.o(.ARM.exidx) refers (Special) to rtexit2.o(.ARM.Collect$$rtexit$$00000002) for __rt_exit_prels_1
    rtexit.o(.ARM.exidx) refers to rtexit.o(.ARM.Collect$$rtexit$$00000000) for .ARM.Collect$$rtexit$$00000000
    rt_raise.o(.text) refers to __raise.o(.text) for __raise
    rt_raise.o(.text) refers to sys_exit.o(.text) for _sys_exit
    defsig_exit.o(.text) refers to sys_exit.o(.text) for _sys_exit
    defsig_fpe_inner.o(.text) refers to defsig_general.o(.text) for __default_signal_display
    defsig_rtmem_outer.o(.text) refers to defsig_rtmem_inner.o(.text) for __rt_SIGRTMEM_inner
    defsig_rtmem_outer.o(.text) refers to defsig_exit.o(.text) for __sig_exit
    defsig_rtmem_formal.o(.text) refers to rt_raise.o(.text) for __rt_raise
    sys_exit.o(.text) refers (Special) to use_no_semi.o(.text) for __I$use$semihosting
    sys_exit.o(.text) refers (Special) to indicate_semi.o(.text) for __semihosting_library_function
    sys_exit_hlt.o(.text) refers (Special) to use_no_semi.o(.text) for __I$use$semihosting
    sys_exit_hlt.o(.text) refers (Special) to indicate_semi.o(.text) for __semihosting_library_function
    rtexit2.o(.ARM.Collect$$rtexit$$00000003) refers to libshutdown.o(.ARM.Collect$$libshutdown$$00000000) for __rt_lib_shutdown
    rtexit2.o(.ARM.Collect$$rtexit$$00000004) refers to sys_exit.o(.text) for _sys_exit
    rtexit2.o(.ARM.exidx) refers to rtexit2.o(.ARM.Collect$$rtexit$$00000001) for .ARM.Collect$$rtexit$$00000001
    rtexit2.o(.ARM.exidx) refers to rtexit2.o(.ARM.Collect$$rtexit$$00000003) for .ARM.Collect$$rtexit$$00000003
    rtexit2.o(.ARM.exidx) refers to rtexit2.o(.ARM.Collect$$rtexit$$00000004) for .ARM.Collect$$rtexit$$00000004
    __raise.o(.text) refers to defsig.o(CL$$defsig) for __default_signal_handler
    defsig_general.o(.text) refers to sys_wrch.o(.text) for _ttywrch
    defsig_rtmem_inner.o(.text) refers to defsig_general.o(.text) for __default_signal_display
    sys_wrch.o(.text) refers (Special) to use_no_semi.o(.text) for __I$use$semihosting
    sys_wrch.o(.text) refers (Special) to indicate_semi.o(.text) for __semihosting_library_function
    sys_wrch_hlt.o(.text) refers (Special) to use_no_semi.o(.text) for __I$use$semihosting
    sys_wrch_hlt.o(.text) refers (Special) to indicate_semi.o(.text) for __semihosting_library_function
    defsig.o(CL$$defsig) refers to defsig_fpe_inner.o(.text) for __rt_SIGFPE_inner
    defsig.o(CL$$defsig) refers to defsig_rtmem_inner.o(.text) for __rt_SIGRTMEM_inner
    libshutdown.o(.ARM.Collect$$libshutdown$$00000000) refers (Special) to libshutdown2.o(.ARM.Collect$$libshutdown$$00000002) for __rt_lib_shutdown_cpp_1
    libshutdown.o(.ARM.Collect$$libshutdown$$00000000) refers (Special) to libshutdown2.o(.ARM.Collect$$libshutdown$$00000007) for __rt_lib_shutdown_fp_trap_1
    libshutdown.o(.ARM.Collect$$libshutdown$$00000000) refers (Special) to libshutdown2.o(.ARM.Collect$$libshutdown$$0000000F) for __rt_lib_shutdown_heap_1
    libshutdown.o(.ARM.Collect$$libshutdown$$00000000) refers (Special) to libshutdown2.o(.ARM.Collect$$libshutdown$$00000010) for __rt_lib_shutdown_return
    libshutdown.o(.ARM.Collect$$libshutdown$$00000000) refers (Special) to libshutdown2.o(.ARM.Collect$$libshutdown$$0000000A) for __rt_lib_shutdown_signal_1
    libshutdown.o(.ARM.Collect$$libshutdown$$00000000) refers (Special) to libshutdown2.o(.ARM.Collect$$libshutdown$$00000004) for __rt_lib_shutdown_stdio_1
    libshutdown.o(.ARM.Collect$$libshutdown$$00000000) refers (Special) to libshutdown2.o(.ARM.Collect$$libshutdown$$0000000C) for __rt_lib_shutdown_user_alloc_1
    defsig_abrt_inner.o(.text) refers to defsig_general.o(.text) for __default_signal_display
    defsig_rtred_inner.o(.text) refers to defsig_general.o(.text) for __default_signal_display
    defsig_stak_inner.o(.text) refers to defsig_general.o(.text) for __default_signal_display
    defsig_pvfn_inner.o(.text) refers to defsig_general.o(.text) for __default_signal_display
    defsig_cppl_inner.o(.text) refers to defsig_general.o(.text) for __default_signal_display
    defsig_segv_inner.o(.text) refers to defsig_general.o(.text) for __default_signal_display
    defsig_other.o(.text) refers to defsig_general.o(.text) for __default_signal_display


==============================================================================

Removing Unused input sections from the image.

    Removing i2c.o(.text), (0 bytes).
    Removing i2c.o(.text.I2C_Init), (76 bytes).
    Removing i2c.o(.ARM.exidx.text.I2C_Init), (8 bytes).
    Removing i2c.o(.text.I2C_Ping), (52 bytes).
    Removing i2c.o(.ARM.exidx.text.I2C_Ping), (8 bytes).
    Removing i2c.o(.text.i2c_enable), (16 bytes).
    Removing i2c.o(.ARM.exidx.text.i2c_enable), (8 bytes).
    Removing i2c.o(.text.i2c_tran), (16 bytes).
    Removing i2c.o(.ARM.exidx.text.i2c_tran), (8 bytes).
    Removing i2c.o(.text.i2c_m_start), (16 bytes).
    Removing i2c.o(.ARM.exidx.text.i2c_m_start), (8 bytes).
    Removing i2c.o(.text.i2c_send), (12 bytes).
    Removing i2c.o(.ARM.exidx.text.i2c_send), (8 bytes).
    Removing i2c.o(.text.i2c_wait), (92 bytes).
    Removing i2c.o(.ARM.exidx.text.i2c_wait), (8 bytes).
    Removing i2c.o(.text.i2c_m_stop), (16 bytes).
    Removing i2c.o(.ARM.exidx.text.i2c_m_stop), (8 bytes).
    Removing i2c.o(.text.i2c_disable), (16 bytes).
    Removing i2c.o(.ARM.exidx.text.i2c_disable), (8 bytes).
    Removing i2c.o(.text.I2C_Write), (64 bytes).
    Removing i2c.o(.ARM.exidx.text.I2C_Write), (8 bytes).
    Removing i2c.o(.text.I2C_Read), (84 bytes).
    Removing i2c.o(.ARM.exidx.text.I2C_Read), (8 bytes).
    Removing i2c.o(.text.i2c_rec), (16 bytes).
    Removing i2c.o(.ARM.exidx.text.i2c_rec), (8 bytes).
    Removing i2c.o(.text.i2c_nack), (16 bytes).
    Removing i2c.o(.ARM.exidx.text.i2c_nack), (8 bytes).
    Removing i2c.o(.text.i2c_recv), (12 bytes).
    Removing i2c.o(.ARM.exidx.text.i2c_recv), (8 bytes).
    Removing i2c.o(.text.I2C_WriteReg), (80 bytes).
    Removing i2c.o(.ARM.exidx.text.I2C_WriteReg), (8 bytes).
    Removing i2c.o(.text.I2C_ReadReg), (120 bytes).
    Removing i2c.o(.ARM.exidx.text.I2C_ReadReg), (8 bytes).
    Removing i2c.o(.text.i2c_clr_IICIF), (16 bytes).
    Removing i2c.o(.ARM.exidx.text.i2c_clr_IICIF), (8 bytes).
    Removing i2c.o(.text.i2c_m_rstart), (24 bytes).
    Removing i2c.o(.ARM.exidx.text.i2c_m_rstart), (8 bytes).
    Removing i2c.o(.text.I2C_ReadRegBlock), (176 bytes).
    Removing i2c.o(.ARM.exidx.text.I2C_ReadRegBlock), (8 bytes).
    Removing i2c.o(.text.i2c_ack), (16 bytes).
    Removing i2c.o(.ARM.exidx.text.i2c_ack), (8 bytes).
    Removing i2c.o(.bss.error), (1 bytes).
    Removing i2c.o(.bss.dummy), (1 bytes).
    Removing main.o(.text), (0 bytes).
    Removing main.o(.ARM.exidx.text.main), (8 bytes).
    Removing main.o(.ARM.exidx.text.__NVIC_DisableIRQ), (8 bytes).
    Removing main.o(.ARM.use_no_argv), (4 bytes).
    Removing klawiatura.o(.text), (0 bytes).
    Removing klawiatura.o(.ARM.exidx.text.Klaw_Init), (8 bytes).
    Removing klawiatura.o(.ARM.exidx.text.__NVIC_ClearPendingIRQ), (8 bytes).
    Removing klawiatura.o(.ARM.exidx.text.__NVIC_EnableIRQ), (8 bytes).
    Removing uart0.o(.text), (0 bytes).
    Removing uart0.o(.ARM.exidx.text.UART0_Init), (8 bytes).
    Removing uart0.o(.ARM.exidx.text.__NVIC_EnableIRQ), (8 bytes).
    Removing uart0.o(.ARM.exidx.text.__NVIC_ClearPendingIRQ), (8 bytes).
    Removing uart0.o(.ARM.exidx.text.Display), (8 bytes).
    Removing uart0.o(.ARM.exidx.text.Clear), (8 bytes).
    Removing uart0.o(.ARM.exidx.text.ResetCursor), (8 bytes).
    Removing all_irqhandlers.o(.text), (0 bytes).
    Removing all_irqhandlers.o(.ARM.exidx.text.PIT_IRQHandler), (8 bytes).
    Removing all_irqhandlers.o(.ARM.exidx.text.__NVIC_ClearPendingIRQ), (8 bytes).
    Removing all_irqhandlers.o(.ARM.exidx.text.PORTA_IRQHandler), (8 bytes).
    Removing pit.o(.text), (0 bytes).
    Removing pit.o(.ARM.exidx.text.PIT_Init), (8 bytes).
    Removing pit.o(.ARM.exidx.text.__NVIC_ClearPendingIRQ), (8 bytes).
    Removing pit.o(.ARM.exidx.text.__NVIC_EnableIRQ), (8 bytes).
    Removing lcd1602.o(.text), (0 bytes).
    Removing lcd1602.o(.text.LCD1602_Init), (76 bytes).
    Removing lcd1602.o(.ARM.exidx.text.LCD1602_Init), (8 bytes).
    Removing lcd1602.o(.text.LCD1602_CheckAddress), (44 bytes).
    Removing lcd1602.o(.ARM.exidx.text.LCD1602_CheckAddress), (8 bytes).
    Removing lcd1602.o(.text.LCD1602_Write8), (26 bytes).
    Removing lcd1602.o(.ARM.exidx.text.LCD1602_Write8), (8 bytes).
    Removing lcd1602.o(.text.LCD1602_Blink_On), (12 bytes).
    Removing lcd1602.o(.ARM.exidx.text.LCD1602_Blink_On), (8 bytes).
    Removing lcd1602.o(.text.LCD1602_Blink_Off), (12 bytes).
    Removing lcd1602.o(.ARM.exidx.text.LCD1602_Blink_Off), (8 bytes).
    Removing lcd1602.o(.text.LCD1602_Blink_Off_Cursor_On), (12 bytes).
    Removing lcd1602.o(.ARM.exidx.text.LCD1602_Blink_Off_Cursor_On), (8 bytes).
    Removing lcd1602.o(.text.LCD1602_SetCursor), (30 bytes).
    Removing lcd1602.o(.ARM.exidx.text.LCD1602_SetCursor), (8 bytes).
    Removing lcd1602.o(.text.LCD1602_ClearAll), (12 bytes).
    Removing lcd1602.o(.ARM.exidx.text.LCD1602_ClearAll), (8 bytes).
    Removing lcd1602.o(.text.LCD1602_Print), (32 bytes).
    Removing lcd1602.o(.ARM.exidx.text.LCD1602_Print), (8 bytes).
    Removing lcd1602.o(.text.LCD1602_PrintNum), (44 bytes).
    Removing lcd1602.o(.ARM.exidx.text.LCD1602_PrintNum), (8 bytes).
    Removing lcd1602.o(.text.itoa), (118 bytes).
    Removing lcd1602.o(.ARM.exidx.text.itoa), (8 bytes).
    Removing lcd1602.o(.text.LCD1602_Backlight), (20 bytes).
    Removing lcd1602.o(.ARM.exidx.text.LCD1602_Backlight), (8 bytes).
    Removing lcd1602.o(.text.PCF8574_Write), (44 bytes).
    Removing lcd1602.o(.ARM.exidx.text.PCF8574_Write), (8 bytes).
    Removing lcd1602.o(.text.LCD1602_Write4), (40 bytes).
    Removing lcd1602.o(.ARM.exidx.text.LCD1602_Write4), (8 bytes).
    Removing lcd1602.o(.text.LCD1602_BF_AC), (208 bytes).
    Removing lcd1602.o(.ARM.exidx.text.LCD1602_BF_AC), (8 bytes).
    Removing lcd1602.o(.text.LCD1602_PL_CH), (280 bytes).
    Removing lcd1602.o(.ARM.exidx.text.LCD1602_PL_CH), (8 bytes).
    Removing lcd1602.o(.text.LCD1602_PrintPL), (136 bytes).
    Removing lcd1602.o(.ARM.exidx.text.LCD1602_PrintPL), (8 bytes).
    Removing lcd1602.o(.data.PL_CH_a_), (8 bytes).
    Removing lcd1602.o(.data.PL_CH_c_), (8 bytes).
    Removing lcd1602.o(.data.PL_CH_e_), (8 bytes).
    Removing lcd1602.o(.data.PL_CH_l_), (8 bytes).
    Removing lcd1602.o(.data.PL_CH_n_), (8 bytes).
    Removing lcd1602.o(.data.PL_CH_o_), (8 bytes).
    Removing lcd1602.o(.data.PL_CH_s_), (8 bytes).
    Removing lcd1602.o(.data.PL_CH_z_), (8 bytes).
    Removing lcd1602.o(.data.PL_CH_z__), (8 bytes).
    Removing lcd1602.o(.data.lcd_backlight), (1 bytes).
    Removing lcd1602.o(.bss.pcf_address), (1 bytes).
    Removing run.o(.text), (0 bytes).
    Removing run.o(.text.Run), (176 bytes).
    Removing run.o(.ARM.exidx.text.Run), (8 bytes).
    Removing run.o(.text.__NVIC_DisableIRQ), (24 bytes).
    Removing run.o(.ARM.exidx.text.__NVIC_DisableIRQ), (8 bytes).
    Removing run.o(.text.DisplayManu), (64 bytes).
    Removing run.o(.ARM.exidx.text.DisplayManu), (8 bytes).
    Removing run.o(.text.DisplayBest), (2 bytes).
    Removing run.o(.ARM.exidx.text.DisplayBest), (8 bytes).
    Removing run.o(.rodata.str1.4), (33 bytes).
    Removing game.o(.text), (0 bytes).
    Removing game.o(.ARM.exidx.text.Game), (8 bytes).
    Removing game.o(.ARM.exidx.text.__NVIC_DisableIRQ), (8 bytes).
    Removing game.o(.ARM.exidx.text.SetSpeed), (8 bytes).
    Removing game.o(.ARM.exidx.text.DisplayGame), (8 bytes).
    Removing game.o(.ARM.exidx.text.__NVIC_EnableIRQ), (8 bytes).
    Removing game.o(.ARM.exidx.text.CheckGameState), (8 bytes).
    Removing game.o(.ARM.exidx.text.CheckPressed), (8 bytes).
    Removing game.o(.ARM.exidx.text.DisplayStats), (8 bytes).
    Removing system_mkl05z4.o(.text), (0 bytes).
    Removing system_mkl05z4.o(.ARM.exidx.text.SystemInit), (8 bytes).
    Removing system_mkl05z4.o(.text.SystemCoreClockUpdate), (184 bytes).
    Removing system_mkl05z4.o(.ARM.exidx.text.SystemCoreClockUpdate), (8 bytes).

135 unused section(s) (total 3189 bytes) removed from the image.
